Archive member included to satisfy reference by file (symbol)

d:/stmicroelectronics/stm32cube/gnu-tools-arm-embedded/bin/../lib/gcc/arm-none-eabi/10.3.1/thumb/v6-m/nofp\libgcc.a(_udivsi3.o)
                              CMakeFiles/MF5700-Test.elf.dir/Core/Src/system_stm32g0xx.c.obj (__aeabi_uidiv)
d:/stmicroelectronics/stm32cube/gnu-tools-arm-embedded/bin/../lib/gcc/arm-none-eabi/10.3.1/thumb/v6-m/nofp\libgcc.a(_divsi3.o)
                              CMakeFiles/MF5700-Test.elf.dir/Drivers/STM32G0xx_HAL_Driver/Src/stm32g0xx_hal_uart_ex.c.obj (__aeabi_idiv)
d:/stmicroelectronics/stm32cube/gnu-tools-arm-embedded/bin/../lib/gcc/arm-none-eabi/10.3.1/thumb/v6-m/nofp\libgcc.a(_dvmd_tls.o)
                              d:/stmicroelectronics/stm32cube/gnu-tools-arm-embedded/bin/../lib/gcc/arm-none-eabi/10.3.1/thumb/v6-m/nofp\libgcc.a(_udivsi3.o) (__aeabi_idiv0)
d:/stmicroelectronics/stm32cube/gnu-tools-arm-embedded/bin/../lib/gcc/arm-none-eabi/10.3.1/../../../../arm-none-eabi/lib/thumb/v6-m/nofp\libg.a(lib_a-errno.o)
                              CMakeFiles/MF5700-Test.elf.dir/Core/Src/syscalls.c.obj (__errno)
d:/stmicroelectronics/stm32cube/gnu-tools-arm-embedded/bin/../lib/gcc/arm-none-eabi/10.3.1/../../../../arm-none-eabi/lib/thumb/v6-m/nofp\libg.a(lib_a-exit.o)
                              d:/stmicroelectronics/stm32cube/gnu-tools-arm-embedded/bin/../lib/gcc/arm-none-eabi/10.3.1/../../../../arm-none-eabi/lib/thumb/v6-m/nofp/crt0.o (exit)
d:/stmicroelectronics/stm32cube/gnu-tools-arm-embedded/bin/../lib/gcc/arm-none-eabi/10.3.1/../../../../arm-none-eabi/lib/thumb/v6-m/nofp\libg.a(lib_a-impure.o)
                              d:/stmicroelectronics/stm32cube/gnu-tools-arm-embedded/bin/../lib/gcc/arm-none-eabi/10.3.1/../../../../arm-none-eabi/lib/thumb/v6-m/nofp\libg.a(lib_a-exit.o) (_global_impure_ptr)
d:/stmicroelectronics/stm32cube/gnu-tools-arm-embedded/bin/../lib/gcc/arm-none-eabi/10.3.1/../../../../arm-none-eabi/lib/thumb/v6-m/nofp\libg.a(lib_a-init.o)
                              d:/stmicroelectronics/stm32cube/gnu-tools-arm-embedded/bin/../lib/gcc/arm-none-eabi/10.3.1/../../../../arm-none-eabi/lib/thumb/v6-m/nofp/crt0.o (__libc_init_array)
d:/stmicroelectronics/stm32cube/gnu-tools-arm-embedded/bin/../lib/gcc/arm-none-eabi/10.3.1/../../../../arm-none-eabi/lib/thumb/v6-m/nofp\libg.a(lib_a-memset.o)
                              d:/stmicroelectronics/stm32cube/gnu-tools-arm-embedded/bin/../lib/gcc/arm-none-eabi/10.3.1/../../../../arm-none-eabi/lib/thumb/v6-m/nofp/crt0.o (memset)
d:/stmicroelectronics/stm32cube/gnu-tools-arm-embedded/bin/../lib/gcc/arm-none-eabi/10.3.1/../../../../arm-none-eabi/lib/thumb/v6-m/nofp\libg.a(lib_a-__call_atexit.o)
                              d:/stmicroelectronics/stm32cube/gnu-tools-arm-embedded/bin/../lib/gcc/arm-none-eabi/10.3.1/../../../../arm-none-eabi/lib/thumb/v6-m/nofp\libg.a(lib_a-exit.o) (__call_exitprocs)
d:/stmicroelectronics/stm32cube/gnu-tools-arm-embedded/bin/../lib/gcc/arm-none-eabi/10.3.1/../../../../arm-none-eabi/lib/thumb/v6-m/nofp\libg.a(lib_a-atexit.o)
                              d:/stmicroelectronics/stm32cube/gnu-tools-arm-embedded/bin/../lib/gcc/arm-none-eabi/10.3.1/../../../../arm-none-eabi/lib/thumb/v6-m/nofp\libg.a(lib_a-__call_atexit.o) (atexit)
d:/stmicroelectronics/stm32cube/gnu-tools-arm-embedded/bin/../lib/gcc/arm-none-eabi/10.3.1/../../../../arm-none-eabi/lib/thumb/v6-m/nofp\libg.a(lib_a-fini.o)
                              d:/stmicroelectronics/stm32cube/gnu-tools-arm-embedded/bin/../lib/gcc/arm-none-eabi/10.3.1/../../../../arm-none-eabi/lib/thumb/v6-m/nofp\libg.a(lib_a-__call_atexit.o) (__libc_fini_array)
d:/stmicroelectronics/stm32cube/gnu-tools-arm-embedded/bin/../lib/gcc/arm-none-eabi/10.3.1/../../../../arm-none-eabi/lib/thumb/v6-m/nofp\libg.a(lib_a-lock.o)
                              d:/stmicroelectronics/stm32cube/gnu-tools-arm-embedded/bin/../lib/gcc/arm-none-eabi/10.3.1/../../../../arm-none-eabi/lib/thumb/v6-m/nofp\libg.a(lib_a-__call_atexit.o) (__retarget_lock_acquire_recursive)
d:/stmicroelectronics/stm32cube/gnu-tools-arm-embedded/bin/../lib/gcc/arm-none-eabi/10.3.1/../../../../arm-none-eabi/lib/thumb/v6-m/nofp\libg.a(lib_a-__atexit.o)
                              d:/stmicroelectronics/stm32cube/gnu-tools-arm-embedded/bin/../lib/gcc/arm-none-eabi/10.3.1/../../../../arm-none-eabi/lib/thumb/v6-m/nofp\libg.a(lib_a-atexit.o) (__register_exitproc)

Discarded input sections

 .text          0x00000000        0x0 d:/stmicroelectronics/stm32cube/gnu-tools-arm-embedded/bin/../lib/gcc/arm-none-eabi/10.3.1/thumb/v6-m/nofp/crti.o
 .data          0x00000000        0x0 d:/stmicroelectronics/stm32cube/gnu-tools-arm-embedded/bin/../lib/gcc/arm-none-eabi/10.3.1/thumb/v6-m/nofp/crti.o
 .bss           0x00000000        0x0 d:/stmicroelectronics/stm32cube/gnu-tools-arm-embedded/bin/../lib/gcc/arm-none-eabi/10.3.1/thumb/v6-m/nofp/crti.o
[...]
Memory Configuration

Name             Origin             Length             Attributes
RAM              0x20000000         0x00009000         xrw
FLASH            0x08000000         0x00020000         xr
*default*        0x00000000         0xffffffff

Linker script and memory map

LOAD d:/stmicroelectronics/stm32cube/gnu-tools-arm-embedded/bin/../lib/gcc/arm-none-eabi/10.3.1/thumb/v6-m/nofp/crti.o
LOAD d:/stmicroelectronics/stm32cube/gnu-tools-arm-embedded/bin/../lib/gcc/arm-none-eabi/10.3.1/thumb/v6-m/nofp/crtbegin.o
LOAD d:/stmicroelectronics/stm32cube/gnu-tools-arm-embedded/bin/../lib/gcc/arm-none-eabi/10.3.1/../../../../arm-none-eabi/lib/thumb/v6-m/nofp/crt0.o
LOAD CMakeFiles/MF5700-Test.elf.dir/Core/Src/dma.c.obj
LOAD CMakeFiles/MF5700-Test.elf.dir/Core/Src/gpio.c.obj
LOAD CMakeFiles/MF5700-Test.elf.dir/Core/Src/main.c.obj
LOAD CMakeFiles/MF5700-Test.elf.dir/Core/Src/rs485_usart1.c.obj
LOAD CMakeFiles/MF5700-Test.elf.dir/Core/Src/stm32g0xx_hal_msp.c.obj
LOAD CMakeFiles/MF5700-Test.elf.dir/Core/Src/stm32g0xx_it.c.obj
LOAD CMakeFiles/MF5700-Test.elf.dir/Core/Src/syscalls.c.obj
LOAD CMakeFiles/MF5700-Test.elf.dir/Core/Src/sysmem.c.obj
LOAD CMakeFiles/MF5700-Test.elf.dir/Core/Src/system_stm32g0xx.c.obj
LOAD CMakeFiles/MF5700-Test.elf.dir/Core/Src/usart.c.obj
LOAD CMakeFiles/MF5700-Test.elf.dir/Core/Startup/startup_stm32g070rbtx.s.obj
LOAD CMakeFiles/MF5700-Test.elf.dir/Drivers/STM32G0xx_HAL_Driver/Src/stm32g0xx_hal.c.obj
LOAD CMakeFiles/MF5700-Test.elf.dir/Drivers/STM32G0xx_HAL_Driver/Src/stm32g0xx_hal_cortex.c.obj
LOAD CMakeFiles/MF5700-Test.elf.dir/Drivers/STM32G0xx_HAL_Driver/Src/stm32g0xx_hal_dma.c.obj
LOAD CMakeFiles/MF5700-Test.elf.dir/Drivers/STM32G0xx_HAL_Driver/Src/stm32g0xx_hal_dma_ex.c.obj
LOAD CMakeFiles/MF5700-Test.elf.dir/Drivers/STM32G0xx_HAL_Driver/Src/stm32g0xx_hal_exti.c.obj
LOAD CMakeFiles/MF5700-Test.elf.dir/Drivers/STM32G0xx_HAL_Driver/Src/stm32g0xx_hal_flash.c.obj
LOAD CMakeFiles/MF5700-Test.elf.dir/Drivers/STM32G0xx_HAL_Driver/Src/stm32g0xx_hal_flash_ex.c.obj
LOAD CMakeFiles/MF5700-Test.elf.dir/Drivers/STM32G0xx_HAL_Driver/Src/stm32g0xx_hal_gpio.c.obj
LOAD CMakeFiles/MF5700-Test.elf.dir/Drivers/STM32G0xx_HAL_Driver/Src/stm32g0xx_hal_pwr.c.obj
LOAD CMakeFiles/MF5700-Test.elf.dir/Drivers/STM32G0xx_HAL_Driver/Src/stm32g0xx_hal_pwr_ex.c.obj
LOAD CMakeFiles/MF5700-Test.elf.dir/Drivers/STM32G0xx_HAL_Driver/Src/stm32g0xx_hal_rcc.c.obj
LOAD CMakeFiles/MF5700-Test.elf.dir/Drivers/STM32G0xx_HAL_Driver/Src/stm32g0xx_hal_rcc_ex.c.obj
LOAD CMakeFiles/MF5700-Test.elf.dir/Drivers/STM32G0xx_HAL_Driver/Src/stm32g0xx_hal_tim.c.obj
LOAD CMakeFiles/MF5700-Test.elf.dir/Drivers/STM32G0xx_HAL_Driver/Src/stm32g0xx_hal_tim_ex.c.obj
LOAD CMakeFiles/MF5700-Test.elf.dir/Drivers/STM32G0xx_HAL_Driver/Src/stm32g0xx_hal_uart.c.obj
LOAD CMakeFiles/MF5700-Test.elf.dir/Drivers/STM32G0xx_HAL_Driver/Src/stm32g0xx_hal_uart_ex.c.obj
LOAD CMakeFiles/MF5700-Test.elf.dir/Drivers/STM32G0xx_HAL_Driver/Src/stm32g0xx_ll_dma.c.obj
LOAD CMakeFiles/MF5700-Test.elf.dir/Drivers/STM32G0xx_HAL_Driver/Src/stm32g0xx_ll_rcc.c.obj
START GROUP
LOAD d:/stmicroelectronics/stm32cube/gnu-tools-arm-embedded/bin/../lib/gcc/arm-none-eabi/10.3.1/thumb/v6-m/nofp\libgcc.a
LOAD d:/stmicroelectronics/stm32cube/gnu-tools-arm-embedded/bin/../lib/gcc/arm-none-eabi/10.3.1/../../../../arm-none-eabi/lib/thumb/v6-m/nofp\libg.a
LOAD d:/stmicroelectronics/stm32cube/gnu-tools-arm-embedded/bin/../lib/gcc/arm-none-eabi/10.3.1/../../../../arm-none-eabi/lib/thumb/v6-m/nofp\libc.a
END GROUP
LOAD d:/stmicroelectronics/stm32cube/gnu-tools-arm-embedded/bin/../lib/gcc/arm-none-eabi/10.3.1/thumb/v6-m/nofp/crtend.o
LOAD d:/stmicroelectronics/stm32cube/gnu-tools-arm-embedded/bin/../lib/gcc/arm-none-eabi/10.3.1/thumb/v6-m/nofp/crtn.o
                0x20009000                _estack = (ORIGIN (RAM) + LENGTH (RAM))
                0x00000200                _Min_Heap_Size = 0x200
                0x00000400                _Min_Stack_Size = 0x400

.isr_vector     0x08000000       0xb8
                0x08000000                . = ALIGN (0x4)
 *(.isr_vector)
 .isr_vector    0x08000000       0xb8 CMakeFiles/MF5700-Test.elf.dir/Core/Startup/startup_stm32g070rbtx.s.obj
                0x08000000                g_pfnVectors
                0x080000b8                . = ALIGN (0x4)

.text           0x080000b8     0x28d0
                0x080000b8                . = ALIGN (0x4)
 *(.text)
 .text          0x080000b8       0x48 d:/stmicroelectronics/stm32cube/gnu-tools-arm-embedded/bin/../lib/gcc/arm-none-eabi/10.3.1/thumb/v6-m/nofp/crtbegin.o
 .text          0x08000100      0x114 d:/stmicroelectronics/stm32cube/gnu-tools-arm-embedded/bin/../lib/gcc/arm-none-eabi/10.3.1/thumb/v6-m/nofp\libgcc.a(_udivsi3.o)
                0x08000100                __aeabi_uidiv
                0x08000100                __udivsi3
                0x0800020c                __aeabi_uidivmod
 .text          0x08000214      0x1d4 d:/stmicroelectronics/stm32cube/gnu-tools-arm-embedded/bin/../lib/gcc/arm-none-eabi/10.3.1/thumb/v6-m/nofp\libgcc.a(_divsi3.o)
                0x08000214                __divsi3
                0x08000214                __aeabi_idiv
                0x080003e0                __aeabi_idivmod
 .text          0x080003e8        0x4 d:/stmicroelectronics/stm32cube/gnu-tools-arm-embedded/bin/../lib/gcc/arm-none-eabi/10.3.1/thumb/v6-m/nofp\libgcc.a(_dvmd_tls.o)
                0x080003e8                __aeabi_idiv0
                0x080003e8                __aeabi_ldiv0
 *(.text*)
 .text.MX_DMA_Init
                0x080003ec       0x40 CMakeFiles/MF5700-Test.elf.dir/Core/Src/dma.c.obj
                0x080003ec                MX_DMA_Init
 .text.MX_GPIO_Init
                0x0800042c       0x2c CMakeFiles/MF5700-Test.elf.dir/Core/Src/gpio.c.obj
                0x0800042c                MX_GPIO_Init
 .text.Error_Handler
                0x08000458        0x4 CMakeFiles/MF5700-Test.elf.dir/Core/Src/main.c.obj
                0x08000458                Error_Handler
 .text.SystemClock_Config
                0x0800045c       0x60 CMakeFiles/MF5700-Test.elf.dir/Core/Src/main.c.obj
                0x0800045c                SystemClock_Config
 .text.main     0x080004bc       0x44 CMakeFiles/MF5700-Test.elf.dir/Core/Src/main.c.obj
                0x080004bc                main
 .text.Cal_CRC16
                0x08000500       0x34 CMakeFiles/MF5700-Test.elf.dir/Core/Src/rs485_usart1.c.obj
                0x08000500                Cal_CRC16
 .text.read_flow
                0x08000534       0x50 CMakeFiles/MF5700-Test.elf.dir/Core/Src/rs485_usart1.c.obj
                0x08000534                read_flow
 .text.HAL_MspInit
                0x08000584       0x38 CMakeFiles/MF5700-Test.elf.dir/Core/Src/stm32g0xx_hal_msp.c.obj
                0x08000584                HAL_MspInit
 .text.NMI_Handler
                0x080005bc        0x2 CMakeFiles/MF5700-Test.elf.dir/Core/Src/stm32g0xx_it.c.obj
                0x080005bc                NMI_Handler
 .text.HardFault_Handler
                0x080005be        0x2 CMakeFiles/MF5700-Test.elf.dir/Core/Src/stm32g0xx_it.c.obj
                0x080005be                HardFault_Handler
 .text.SVC_Handler
                0x080005c0        0x2 CMakeFiles/MF5700-Test.elf.dir/Core/Src/stm32g0xx_it.c.obj
                0x080005c0                SVC_Handler
 .text.PendSV_Handler
                0x080005c2        0x2 CMakeFiles/MF5700-Test.elf.dir/Core/Src/stm32g0xx_it.c.obj
                0x080005c2                PendSV_Handler
 .text.SysTick_Handler
                0x080005c4        0x8 CMakeFiles/MF5700-Test.elf.dir/Core/Src/stm32g0xx_it.c.obj
                0x080005c4                SysTick_Handler
 .text.DMA1_Channel1_IRQHandler
                0x080005cc       0x10 CMakeFiles/MF5700-Test.elf.dir/Core/Src/stm32g0xx_it.c.obj
                0x080005cc                DMA1_Channel1_IRQHandler
 .text.DMA1_Channel2_3_IRQHandler
                0x080005dc       0x10 CMakeFiles/MF5700-Test.elf.dir/Core/Src/stm32g0xx_it.c.obj
                0x080005dc                DMA1_Channel2_3_IRQHandler
 .text.USART1_IRQHandler
                0x080005ec       0x40 CMakeFiles/MF5700-Test.elf.dir/Core/Src/stm32g0xx_it.c.obj
                0x080005ec                USART1_IRQHandler
 .text.SystemInit
                0x0800062c        0x2 CMakeFiles/MF5700-Test.elf.dir/Core/Src/system_stm32g0xx.c.obj
                0x0800062c                SystemInit
 *fill*         0x0800062e        0x2 
 .text.MX_USART1_UART_Init
                0x08000630       0x70 CMakeFiles/MF5700-Test.elf.dir/Core/Src/usart.c.obj
                0x08000630                MX_USART1_UART_Init
 .text.MX_USART2_UART_Init
                0x080006a0       0x70 CMakeFiles/MF5700-Test.elf.dir/Core/Src/usart.c.obj
                0x080006a0                MX_USART2_UART_Init
 .text.HAL_UART_MspInit
                0x08000710      0x164 CMakeFiles/MF5700-Test.elf.dir/Core/Src/usart.c.obj
                0x08000710                HAL_UART_MspInit
 .text.USAR_UART_IDLECallback
                0x08000874       0x3c CMakeFiles/MF5700-Test.elf.dir/Core/Src/usart.c.obj
                0x08000874                USAR_UART_IDLECallback
 .text.Reset_Handler
                0x080008b0       0x50 CMakeFiles/MF5700-Test.elf.dir/Core/Startup/startup_stm32g070rbtx.s.obj
                0x080008b0                Reset_Handler
 .text.Default_Handler
                0x08000900        0x2 CMakeFiles/MF5700-Test.elf.dir/Core/Startup/startup_stm32g070rbtx.s.obj
                0x08000900                TIM1_CC_IRQHandler
                0x08000900                TIM6_IRQHandler
                0x08000900                I2C1_IRQHandler
                0x08000900                RTC_TAMP_IRQHandler
                0x08000900                SPI1_IRQHandler
                0x08000900                USART3_4_IRQHandler
                0x08000900                EXTI2_3_IRQHandler
                0x08000900                ADC1_IRQHandler
                0x08000900                I2C2_IRQHandler
                0x08000900                TIM17_IRQHandler
                0x08000900                TIM16_IRQHandler
                0x08000900                TIM3_IRQHandler
                0x08000900                EXTI4_15_IRQHandler
                0x08000900                RCC_IRQHandler
                0x08000900                Default_Handler
                0x08000900                TIM14_IRQHandler
                0x08000900                TIM7_IRQHandler
                0x08000900                TIM15_IRQHandler
                0x08000900                EXTI0_1_IRQHandler
                0x08000900                SPI2_IRQHandler
                0x08000900                WWDG_IRQHandler
                0x08000900                DMA1_Ch4_7_DMAMUX1_OVR_IRQHandler
                0x08000900                USART2_IRQHandler
                0x08000900                FLASH_IRQHandler
                0x08000900                TIM1_BRK_UP_TRG_COM_IRQHandler
 *fill*         0x08000902        0x2 
 .text.HAL_InitTick
                0x08000904       0x58 CMakeFiles/MF5700-Test.elf.dir/Drivers/STM32G0xx_HAL_Driver/Src/stm32g0xx_hal.c.obj
                0x08000904                HAL_InitTick
 .text.HAL_Init
                0x0800095c       0x28 CMakeFiles/MF5700-Test.elf.dir/Drivers/STM32G0xx_HAL_Driver/Src/stm32g0xx_hal.c.obj
                0x0800095c                HAL_Init
 .text.HAL_IncTick
                0x08000984       0x18 CMakeFiles/MF5700-Test.elf.dir/Drivers/STM32G0xx_HAL_Driver/Src/stm32g0xx_hal.c.obj
                0x08000984                HAL_IncTick
 .text.HAL_GetTick
                0x0800099c        0xc CMakeFiles/MF5700-Test.elf.dir/Drivers/STM32G0xx_HAL_Driver/Src/stm32g0xx_hal.c.obj
                0x0800099c                HAL_GetTick
 .text.HAL_Delay
                0x080009a8       0x24 CMakeFiles/MF5700-Test.elf.dir/Drivers/STM32G0xx_HAL_Driver/Src/stm32g0xx_hal.c.obj
                0x080009a8                HAL_Delay
 .text.HAL_SYSCFG_StrobeDBattpinsConfig
                0x080009cc       0x18 CMakeFiles/MF5700-Test.elf.dir/Drivers/STM32G0xx_HAL_Driver/Src/stm32g0xx_hal.c.obj
                0x080009cc                HAL_SYSCFG_StrobeDBattpinsConfig
 .text.HAL_NVIC_SetPriority
                0x080009e4       0x60 CMakeFiles/MF5700-Test.elf.dir/Drivers/STM32G0xx_HAL_Driver/Src/stm32g0xx_hal_cortex.c.obj
                0x080009e4                HAL_NVIC_SetPriority
 .text.HAL_NVIC_EnableIRQ
                0x08000a44       0x18 CMakeFiles/MF5700-Test.elf.dir/Drivers/STM32G0xx_HAL_Driver/Src/stm32g0xx_hal_cortex.c.obj
                0x08000a44                HAL_NVIC_EnableIRQ
 .text.HAL_SYSTICK_Config
                0x08000a5c       0x38 CMakeFiles/MF5700-Test.elf.dir/Drivers/STM32G0xx_HAL_Driver/Src/stm32g0xx_hal_cortex.c.obj
                0x08000a5c                HAL_SYSTICK_Config
 .text.DMA_SetConfig
                0x08000a94       0x48 CMakeFiles/MF5700-Test.elf.dir/Drivers/STM32G0xx_HAL_Driver/Src/stm32g0xx_hal_dma.c.obj
 .text.DMA_CalcDMAMUXChannelBaseAndMask
                0x08000adc       0x38 CMakeFiles/MF5700-Test.elf.dir/Drivers/STM32G0xx_HAL_Driver/Src/stm32g0xx_hal_dma.c.obj
 .text.DMA_CalcDMAMUXRequestGenBaseAndMask
                0x08000b14       0x28 CMakeFiles/MF5700-Test.elf.dir/Drivers/STM32G0xx_HAL_Driver/Src/stm32g0xx_hal_dma.c.obj
 .text.HAL_DMA_Init
                0x08000b3c       0xb0 CMakeFiles/MF5700-Test.elf.dir/Drivers/STM32G0xx_HAL_Driver/Src/stm32g0xx_hal_dma.c.obj
                0x08000b3c                HAL_DMA_Init
 .text.HAL_DMA_Start_IT
                0x08000bec       0x9c CMakeFiles/MF5700-Test.elf.dir/Drivers/STM32G0xx_HAL_Driver/Src/stm32g0xx_hal_dma.c.obj
                0x08000bec                HAL_DMA_Start_IT
 .text.HAL_DMA_Abort
                0x08000c88       0x80 CMakeFiles/MF5700-Test.elf.dir/Drivers/STM32G0xx_HAL_Driver/Src/stm32g0xx_hal_dma.c.obj
                0x08000c88                HAL_DMA_Abort
 .text.HAL_DMA_Abort_IT
                0x08000d08       0x80 CMakeFiles/MF5700-Test.elf.dir/Drivers/STM32G0xx_HAL_Driver/Src/stm32g0xx_hal_dma.c.obj
                0x08000d08                HAL_DMA_Abort_IT
 .text.HAL_DMA_IRQHandler
                0x08000d88       0xcc CMakeFiles/MF5700-Test.elf.dir/Drivers/STM32G0xx_HAL_Driver/Src/stm32g0xx_hal_dma.c.obj
                0x08000d88                HAL_DMA_IRQHandler
 .text.HAL_DMA_GetError
                0x08000e54        0x4 CMakeFiles/MF5700-Test.elf.dir/Drivers/STM32G0xx_HAL_Driver/Src/stm32g0xx_hal_dma.c.obj
                0x08000e54                HAL_DMA_GetError
 .text.HAL_GPIO_Init
                0x08000e58      0x178 CMakeFiles/MF5700-Test.elf.dir/Drivers/STM32G0xx_HAL_Driver/Src/stm32g0xx_hal_gpio.c.obj
                0x08000e58                HAL_GPIO_Init
 .text.HAL_PWREx_ControlVoltageScaling
                0x08000fd0       0x54 CMakeFiles/MF5700-Test.elf.dir/Drivers/STM32G0xx_HAL_Driver/Src/stm32g0xx_hal_pwr_ex.c.obj
                0x08000fd0                HAL_PWREx_ControlVoltageScaling
 .text.HAL_RCC_OscConfig
                0x08001024      0x4a4 CMakeFiles/MF5700-Test.elf.dir/Drivers/STM32G0xx_HAL_Driver/Src/stm32g0xx_hal_rcc.c.obj
                0x08001024                HAL_RCC_OscConfig
 .text.HAL_RCC_GetSysClockFreq
                0x080014c8       0xb8 CMakeFiles/MF5700-Test.elf.dir/Drivers/STM32G0xx_HAL_Driver/Src/stm32g0xx_hal_rcc.c.obj
                0x080014c8                HAL_RCC_GetSysClockFreq
 .text.HAL_RCC_ClockConfig
                0x08001580      0x18c CMakeFiles/MF5700-Test.elf.dir/Drivers/STM32G0xx_HAL_Driver/Src/stm32g0xx_hal_rcc.c.obj
                0x08001580                HAL_RCC_ClockConfig
 .text.HAL_RCC_GetHCLKFreq
                0x0800170c        0xc CMakeFiles/MF5700-Test.elf.dir/Drivers/STM32G0xx_HAL_Driver/Src/stm32g0xx_hal_rcc.c.obj
                0x0800170c                HAL_RCC_GetHCLKFreq
 .text.HAL_RCC_GetPCLK1Freq
                0x08001718       0x28 CMakeFiles/MF5700-Test.elf.dir/Drivers/STM32G0xx_HAL_Driver/Src/stm32g0xx_hal_rcc.c.obj
                0x08001718                HAL_RCC_GetPCLK1Freq
 .text.HAL_RCCEx_PeriphCLKConfig
                0x08001740      0x190 CMakeFiles/MF5700-Test.elf.dir/Drivers/STM32G0xx_HAL_Driver/Src/stm32g0xx_hal_rcc_ex.c.obj
                0x08001740                HAL_RCCEx_PeriphCLKConfig
 .text.UART_EndTxTransfer
                0x080018d0       0x3c CMakeFiles/MF5700-Test.elf.dir/Drivers/STM32G0xx_HAL_Driver/Src/stm32g0xx_hal_uart.c.obj
 .text.UART_EndRxTransfer
                0x0800190c       0x64 CMakeFiles/MF5700-Test.elf.dir/Drivers/STM32G0xx_HAL_Driver/Src/stm32g0xx_hal_uart.c.obj
 .text.HAL_UART_Transmit_DMA
                0x08001970       0xbc CMakeFiles/MF5700-Test.elf.dir/Drivers/STM32G0xx_HAL_Driver/Src/stm32g0xx_hal_uart.c.obj
                0x08001970                HAL_UART_Transmit_DMA
 .text.HAL_UART_DMAStop
                0x08001a2c       0xb6 CMakeFiles/MF5700-Test.elf.dir/Drivers/STM32G0xx_HAL_Driver/Src/stm32g0xx_hal_uart.c.obj
                0x08001a2c                HAL_UART_DMAStop
 .text.HAL_UART_TxCpltCallback
                0x08001ae2        0x2 CMakeFiles/MF5700-Test.elf.dir/Drivers/STM32G0xx_HAL_Driver/Src/stm32g0xx_hal_uart.c.obj
                0x08001ae2                HAL_UART_TxCpltCallback
 .text.UART_DMATransmitCplt
                0x08001ae4       0x4a CMakeFiles/MF5700-Test.elf.dir/Drivers/STM32G0xx_HAL_Driver/Src/stm32g0xx_hal_uart.c.obj
 .text.UART_EndTransmit_IT
                0x08001b2e       0x2a CMakeFiles/MF5700-Test.elf.dir/Drivers/STM32G0xx_HAL_Driver/Src/stm32g0xx_hal_uart.c.obj
 .text.HAL_UART_TxHalfCpltCallback
                0x08001b58        0x2 CMakeFiles/MF5700-Test.elf.dir/Drivers/STM32G0xx_HAL_Driver/Src/stm32g0xx_hal_uart.c.obj
                0x08001b58                HAL_UART_TxHalfCpltCallback
 .text.UART_DMATxHalfCplt
                0x08001b5a        0xa CMakeFiles/MF5700-Test.elf.dir/Drivers/STM32G0xx_HAL_Driver/Src/stm32g0xx_hal_uart.c.obj
 .text.HAL_UART_RxCpltCallback
                0x08001b64        0x2 CMakeFiles/MF5700-Test.elf.dir/Drivers/STM32G0xx_HAL_Driver/Src/stm32g0xx_hal_uart.c.obj
                0x08001b64                HAL_UART_RxCpltCallback
 .text.HAL_UART_RxHalfCpltCallback
                0x08001b66        0x2 CMakeFiles/MF5700-Test.elf.dir/Drivers/STM32G0xx_HAL_Driver/Src/stm32g0xx_hal_uart.c.obj
                0x08001b66                HAL_UART_RxHalfCpltCallback
 .text.HAL_UART_ErrorCallback
                0x08001b68        0x2 CMakeFiles/MF5700-Test.elf.dir/Drivers/STM32G0xx_HAL_Driver/Src/stm32g0xx_hal_uart.c.obj
                0x08001b68                HAL_UART_ErrorCallback
 .text.UART_DMAError
                0x08001b6a       0x52 CMakeFiles/MF5700-Test.elf.dir/Drivers/STM32G0xx_HAL_Driver/Src/stm32g0xx_hal_uart.c.obj
 .text.UART_DMAAbortOnError
                0x08001bbc       0x14 CMakeFiles/MF5700-Test.elf.dir/Drivers/STM32G0xx_HAL_Driver/Src/stm32g0xx_hal_uart.c.obj
 .text.HAL_UARTEx_RxEventCallback
                0x08001bd0        0x2 CMakeFiles/MF5700-Test.elf.dir/Drivers/STM32G0xx_HAL_Driver/Src/stm32g0xx_hal_uart.c.obj
                0x08001bd0                HAL_UARTEx_RxEventCallback
 *fill*         0x08001bd2        0x2 
 .text.HAL_UART_IRQHandler
                0x08001bd4      0x320 CMakeFiles/MF5700-Test.elf.dir/Drivers/STM32G0xx_HAL_Driver/Src/stm32g0xx_hal_uart.c.obj
                0x08001bd4                HAL_UART_IRQHandler
 .text.UART_DMARxHalfCplt
                0x08001ef4       0x20 CMakeFiles/MF5700-Test.elf.dir/Drivers/STM32G0xx_HAL_Driver/Src/stm32g0xx_hal_uart.c.obj
 .text.UART_DMAReceiveCplt
                0x08001f14       0x98 CMakeFiles/MF5700-Test.elf.dir/Drivers/STM32G0xx_HAL_Driver/Src/stm32g0xx_hal_uart.c.obj
 .text.UART_SetConfig
                0x08001fac      0x1f0 CMakeFiles/MF5700-Test.elf.dir/Drivers/STM32G0xx_HAL_Driver/Src/stm32g0xx_hal_uart.c.obj
                0x08001fac                UART_SetConfig
 .text.UART_AdvFeatureConfig
                0x0800219c       0xe0 CMakeFiles/MF5700-Test.elf.dir/Drivers/STM32G0xx_HAL_Driver/Src/stm32g0xx_hal_uart.c.obj
                0x0800219c                UART_AdvFeatureConfig
 .text.UART_WaitOnFlagUntilTimeout
                0x0800227c       0xe4 CMakeFiles/MF5700-Test.elf.dir/Drivers/STM32G0xx_HAL_Driver/Src/stm32g0xx_hal_uart.c.obj
                0x0800227c                UART_WaitOnFlagUntilTimeout
 .text.HAL_UART_Transmit
                0x08002360       0xf0 CMakeFiles/MF5700-Test.elf.dir/Drivers/STM32G0xx_HAL_Driver/Src/stm32g0xx_hal_uart.c.obj
                0x08002360                HAL_UART_Transmit
 .text.UART_CheckIdleState
                0x08002450       0x74 CMakeFiles/MF5700-Test.elf.dir/Drivers/STM32G0xx_HAL_Driver/Src/stm32g0xx_hal_uart.c.obj
                0x08002450                UART_CheckIdleState
 .text.HAL_UART_Init
                0x080024c4       0x70 CMakeFiles/MF5700-Test.elf.dir/Drivers/STM32G0xx_HAL_Driver/Src/stm32g0xx_hal_uart.c.obj
                0x080024c4                HAL_UART_Init
 .text.UART_Start_Receive_DMA
                0x08002534       0xb4 CMakeFiles/MF5700-Test.elf.dir/Drivers/STM32G0xx_HAL_Driver/Src/stm32g0xx_hal_uart.c.obj
                0x08002534                UART_Start_Receive_DMA
 .text.HAL_UART_Receive_DMA
                0x080025e8       0x62 CMakeFiles/MF5700-Test.elf.dir/Drivers/STM32G0xx_HAL_Driver/Src/stm32g0xx_hal_uart.c.obj
                0x080025e8                HAL_UART_Receive_DMA
 *fill*         0x0800264a        0x2 
 .text.UARTEx_SetNbDataToProcess
                0x0800264c       0x50 CMakeFiles/MF5700-Test.elf.dir/Drivers/STM32G0xx_HAL_Driver/Src/stm32g0xx_hal_uart_ex.c.obj
 .text.HAL_UARTEx_WakeupCallback
                0x0800269c        0x2 CMakeFiles/MF5700-Test.elf.dir/Drivers/STM32G0xx_HAL_Driver/Src/stm32g0xx_hal_uart_ex.c.obj
                0x0800269c                HAL_UARTEx_WakeupCallback
 .text.HAL_UARTEx_RxFifoFullCallback
                0x0800269e        0x2 CMakeFiles/MF5700-Test.elf.dir/Drivers/STM32G0xx_HAL_Driver/Src/stm32g0xx_hal_uart_ex.c.obj
                0x0800269e                HAL_UARTEx_RxFifoFullCallback
 .text.HAL_UARTEx_TxFifoEmptyCallback
                0x080026a0        0x2 CMakeFiles/MF5700-Test.elf.dir/Drivers/STM32G0xx_HAL_Driver/Src/stm32g0xx_hal_uart_ex.c.obj
                0x080026a0                HAL_UARTEx_TxFifoEmptyCallback
 *fill*         0x080026a2        0x2 
 .text.HAL_UARTEx_DisableFifoMode
                0x080026a4       0x40 CMakeFiles/MF5700-Test.elf.dir/Drivers/STM32G0xx_HAL_Driver/Src/stm32g0xx_hal_uart_ex.c.obj
                0x080026a4                HAL_UARTEx_DisableFifoMode
 .text.HAL_UARTEx_SetTxFifoThreshold
                0x080026e4       0x4a CMakeFiles/MF5700-Test.elf.dir/Drivers/STM32G0xx_HAL_Driver/Src/stm32g0xx_hal_uart_ex.c.obj
                0x080026e4                HAL_UARTEx_SetTxFifoThreshold
 *fill*         0x0800272e        0x2 
 .text.HAL_UARTEx_SetRxFifoThreshold
                0x08002730       0x50 CMakeFiles/MF5700-Test.elf.dir/Drivers/STM32G0xx_HAL_Driver/Src/stm32g0xx_hal_uart_ex.c.obj
                0x08002730                HAL_UARTEx_SetRxFifoThreshold
 .text.__libc_init_array
                0x08002780       0x44 d:/stmicroelectronics/stm32cube/gnu-tools-arm-embedded/bin/../lib/gcc/arm-none-eabi/10.3.1/../../../../arm-none-eabi/lib/thumb/v6-m/nofp\libg.a(lib_a-init.o)
                0x08002780                __libc_init_array
 .text.memset   0x080027c4       0xa8 d:/stmicroelectronics/stm32cube/gnu-tools-arm-embedded/bin/../lib/gcc/arm-none-eabi/10.3.1/../../../../arm-none-eabi/lib/thumb/v6-m/nofp\libg.a(lib_a-memset.o)
                0x080027c4                memset
 .text.startup.register_fini
                0x0800286c       0x18 d:/stmicroelectronics/stm32cube/gnu-tools-arm-embedded/bin/../lib/gcc/arm-none-eabi/10.3.1/../../../../arm-none-eabi/lib/thumb/v6-m/nofp\libg.a(lib_a-__call_atexit.o)
 .text.atexit   0x08002884       0x10 d:/stmicroelectronics/stm32cube/gnu-tools-arm-embedded/bin/../lib/gcc/arm-none-eabi/10.3.1/../../../../arm-none-eabi/lib/thumb/v6-m/nofp\libg.a(lib_a-atexit.o)
                0x08002884                atexit
 .text.__libc_fini_array
                0x08002894       0x28 d:/stmicroelectronics/stm32cube/gnu-tools-arm-embedded/bin/../lib/gcc/arm-none-eabi/10.3.1/../../../../arm-none-eabi/lib/thumb/v6-m/nofp\libg.a(lib_a-fini.o)
                0x08002894                __libc_fini_array
 .text.__retarget_lock_acquire_recursive
                0x080028bc        0x4 d:/stmicroelectronics/stm32cube/gnu-tools-arm-embedded/bin/../lib/gcc/arm-none-eabi/10.3.1/../../../../arm-none-eabi/lib/thumb/v6-m/nofp\libg.a(lib_a-lock.o)
                0x080028bc                __retarget_lock_acquire_recursive
 .text.__retarget_lock_release_recursive
                0x080028c0        0x4 d:/stmicroelectronics/stm32cube/gnu-tools-arm-embedded/bin/../lib/gcc/arm-none-eabi/10.3.1/../../../../arm-none-eabi/lib/thumb/v6-m/nofp\libg.a(lib_a-lock.o)
                0x080028c0                __retarget_lock_release_recursive
 .text.__register_exitproc
                0x080028c4       0xac d:/stmicroelectronics/stm32cube/gnu-tools-arm-embedded/bin/../lib/gcc/arm-none-eabi/10.3.1/../../../../arm-none-eabi/lib/thumb/v6-m/nofp\libg.a(lib_a-__atexit.o)
                0x080028c4                __register_exitproc
 *(.glue_7)
 .glue_7        0x08002970        0x0 linker stubs
 *(.glue_7t)
 .glue_7t       0x08002970        0x0 linker stubs
 *(.eh_frame)
 .eh_frame      0x08002970        0x0 d:/stmicroelectronics/stm32cube/gnu-tools-arm-embedded/bin/../lib/gcc/arm-none-eabi/10.3.1/thumb/v6-m/nofp/crtbegin.o
 *(.init)
 .init          0x08002970        0x4 d:/stmicroelectronics/stm32cube/gnu-tools-arm-embedded/bin/../lib/gcc/arm-none-eabi/10.3.1/thumb/v6-m/nofp/crti.o
                0x08002970                _init
 .init          0x08002974        0x8 d:/stmicroelectronics/stm32cube/gnu-tools-arm-embedded/bin/../lib/gcc/arm-none-eabi/10.3.1/thumb/v6-m/nofp/crtn.o
 *(.fini)
 .fini          0x0800297c        0x4 d:/stmicroelectronics/stm32cube/gnu-tools-arm-embedded/bin/../lib/gcc/arm-none-eabi/10.3.1/thumb/v6-m/nofp/crti.o
                0x0800297c                _fini
 .fini          0x08002980        0x8 d:/stmicroelectronics/stm32cube/gnu-tools-arm-embedded/bin/../lib/gcc/arm-none-eabi/10.3.1/thumb/v6-m/nofp/crtn.o
                0x08002988                . = ALIGN (0x4)
                0x08002988                _etext = .

.vfp11_veneer   0x08002988        0x0
 .vfp11_veneer  0x08002988        0x0 linker stubs

.v4_bx          0x08002988        0x0
 .v4_bx         0x08002988        0x0 linker stubs

.iplt           0x08002988        0x0
 .iplt          0x08002988        0x0 d:/stmicroelectronics/stm32cube/gnu-tools-arm-embedded/bin/../lib/gcc/arm-none-eabi/10.3.1/thumb/v6-m/nofp/crtbegin.o

.rodata         0x08002988      0x28c
                0x08002988                . = ALIGN (0x4)
 *(.rodata)
 *(.rodata*)
 .rodata.s_CRC_H
                0x08002988      0x100 CMakeFiles/MF5700-Test.elf.dir/Core/Src/rs485_usart1.c.obj
 .rodata.s_CRC_L
                0x08002a88      0x100 CMakeFiles/MF5700-Test.elf.dir/Core/Src/rs485_usart1.c.obj
 .rodata.AHBPrescTable
                0x08002b88       0x40 CMakeFiles/MF5700-Test.elf.dir/Core/Src/system_stm32g0xx.c.obj
                0x08002b88                AHBPrescTable
 .rodata.APBPrescTable
                0x08002bc8       0x20 CMakeFiles/MF5700-Test.elf.dir/Core/Src/system_stm32g0xx.c.obj
                0x08002bc8                APBPrescTable
 .rodata.UARTPrescTable
                0x08002be8       0x18 CMakeFiles/MF5700-Test.elf.dir/Drivers/STM32G0xx_HAL_Driver/Src/stm32g0xx_hal_uart.c.obj
                0x08002be8                UARTPrescTable
 .rodata.denominator.0
                0x08002c00        0x8 CMakeFiles/MF5700-Test.elf.dir/Drivers/STM32G0xx_HAL_Driver/Src/stm32g0xx_hal_uart_ex.c.obj
 .rodata.numerator.1
                0x08002c08        0x8 CMakeFiles/MF5700-Test.elf.dir/Drivers/STM32G0xx_HAL_Driver/Src/stm32g0xx_hal_uart_ex.c.obj
 .rodata._global_impure_ptr
                0x08002c10        0x4 d:/stmicroelectronics/stm32cube/gnu-tools-arm-embedded/bin/../lib/gcc/arm-none-eabi/10.3.1/../../../../arm-none-eabi/lib/thumb/v6-m/nofp\libg.a(lib_a-impure.o)
                0x08002c10                _global_impure_ptr
                0x08002c14                . = ALIGN (0x4)

.rel.dyn        0x08002c14        0x0
 .rel.iplt      0x08002c14        0x0 d:/stmicroelectronics/stm32cube/gnu-tools-arm-embedded/bin/../lib/gcc/arm-none-eabi/10.3.1/thumb/v6-m/nofp/crtbegin.o

.ARM.extab      0x08002c14        0x0
                0x08002c14                . = ALIGN (0x4)
 *(.ARM.extab* .gnu.linkonce.armextab.*)
                0x08002c14                . = ALIGN (0x4)

.ARM            0x08002c14        0x0
                0x08002c14                . = ALIGN (0x4)
                0x08002c14                __exidx_start = .
 *(.ARM.exidx*)
                0x08002c14                __exidx_end = .
                0x08002c14                . = ALIGN (0x4)

.preinit_array  0x08002c14        0x0
                0x08002c14                . = ALIGN (0x4)
                0x08002c14                PROVIDE (__preinit_array_start = .)
 *(.preinit_array*)
                0x08002c14                PROVIDE (__preinit_array_end = .)
                0x08002c14                . = ALIGN (0x4)

.init_array     0x08002c14        0x8
                0x08002c14                . = ALIGN (0x4)
                0x08002c14                PROVIDE (__init_array_start = .)
 *(SORT_BY_NAME(.init_array.*))
 .init_array.00000
                0x08002c14        0x4 d:/stmicroelectronics/stm32cube/gnu-tools-arm-embedded/bin/../lib/gcc/arm-none-eabi/10.3.1/../../../../arm-none-eabi/lib/thumb/v6-m/nofp\libg.a(lib_a-__call_atexit.o)
 *(.init_array*)
 .init_array    0x08002c18        0x4 d:/stmicroelectronics/stm32cube/gnu-tools-arm-embedded/bin/../lib/gcc/arm-none-eabi/10.3.1/thumb/v6-m/nofp/crtbegin.o
                0x08002c1c                PROVIDE (__init_array_end = .)
                0x08002c1c                . = ALIGN (0x4)

.fini_array     0x08002c1c        0x4
                0x08002c1c                . = ALIGN (0x4)
                0x08002c1c                PROVIDE (__fini_array_start = .)
 *(SORT_BY_NAME(.fini_array.*))
 *(.fini_array*)
 .fini_array    0x08002c1c        0x4 d:/stmicroelectronics/stm32cube/gnu-tools-arm-embedded/bin/../lib/gcc/arm-none-eabi/10.3.1/thumb/v6-m/nofp/crtbegin.o
                0x08002c20                PROVIDE (__fini_array_end = .)
                0x08002c20                . = ALIGN (0x4)
                0x08002c20                _sidata = LOADADDR (.data)

.data           0x20000000      0x43c load address 0x08002c20
                0x20000000                . = ALIGN (0x4)
                0x20000000                _sdata = .
 *(.data)
 *(.data*)
 .data.SystemCoreClock
                0x20000000        0x4 CMakeFiles/MF5700-Test.elf.dir/Core/Src/system_stm32g0xx.c.obj
                0x20000000                SystemCoreClock
 .data.uwTickFreq
                0x20000004        0x1 CMakeFiles/MF5700-Test.elf.dir/Drivers/STM32G0xx_HAL_Driver/Src/stm32g0xx_hal.c.obj
                0x20000004                uwTickFreq
 *fill*         0x20000005        0x3 
 .data.uwTickPrio
                0x20000008        0x4 CMakeFiles/MF5700-Test.elf.dir/Drivers/STM32G0xx_HAL_Driver/Src/stm32g0xx_hal.c.obj
                0x20000008                uwTickPrio
 *fill*         0x2000000c        0x4 
 .data.impure_data
                0x20000010      0x428 d:/stmicroelectronics/stm32cube/gnu-tools-arm-embedded/bin/../lib/gcc/arm-none-eabi/10.3.1/../../../../arm-none-eabi/lib/thumb/v6-m/nofp\libg.a(lib_a-impure.o)
 .data.__atexit_recursive_mutex
                0x20000438        0x4 d:/stmicroelectronics/stm32cube/gnu-tools-arm-embedded/bin/../lib/gcc/arm-none-eabi/10.3.1/../../../../arm-none-eabi/lib/thumb/v6-m/nofp\libg.a(lib_a-__call_atexit.o)
                0x20000438                __atexit_recursive_mutex
 *(.RamFunc)
 *(.RamFunc*)
                0x2000043c                . = ALIGN (0x4)
                0x2000043c                _edata = .

.igot.plt       0x2000043c        0x0 load address 0x0800305c
 .igot.plt      0x2000043c        0x0 d:/stmicroelectronics/stm32cube/gnu-tools-arm-embedded/bin/../lib/gcc/arm-none-eabi/10.3.1/thumb/v6-m/nofp/crtbegin.o
                0x2000043c                . = ALIGN (0x4)

.bss            0x2000043c      0x224 load address 0x0800305c
                0x2000043c                _sbss = .
                0x2000043c                __bss_start__ = _sbss
 *(.bss)
 .bss           0x2000043c       0x1c d:/stmicroelectronics/stm32cube/gnu-tools-arm-embedded/bin/../lib/gcc/arm-none-eabi/10.3.1/thumb/v6-m/nofp/crtbegin.o
 *(.bss*)
 .bss.pRS485RxBuff
                0x20000458       0x18 CMakeFiles/MF5700-Test.elf.dir/Core/Src/rs485_usart1.c.obj
                0x20000458                pRS485RxBuff
 .bss.pTxBuff.0
                0x20000470        0x8 CMakeFiles/MF5700-Test.elf.dir/Core/Src/rs485_usart1.c.obj
 .bss.hdma_usart1_rx
                0x20000478       0x5c CMakeFiles/MF5700-Test.elf.dir/Core/Src/usart.c.obj
                0x20000478                hdma_usart1_rx
 .bss.hdma_usart1_tx
                0x200004d4       0x5c CMakeFiles/MF5700-Test.elf.dir/Core/Src/usart.c.obj
                0x200004d4                hdma_usart1_tx
 .bss.huart1    0x20000530       0x94 CMakeFiles/MF5700-Test.elf.dir/Core/Src/usart.c.obj
                0x20000530                huart1
 .bss.huart2    0x200005c4       0x94 CMakeFiles/MF5700-Test.elf.dir/Core/Src/usart.c.obj
                0x200005c4                huart2
 .bss.uwTick    0x20000658        0x4 CMakeFiles/MF5700-Test.elf.dir/Drivers/STM32G0xx_HAL_Driver/Src/stm32g0xx_hal.c.obj
                0x20000658                uwTick
 .bss.__lock___atexit_recursive_mutex
                0x2000065c        0x1 d:/stmicroelectronics/stm32cube/gnu-tools-arm-embedded/bin/../lib/gcc/arm-none-eabi/10.3.1/../../../../arm-none-eabi/lib/thumb/v6-m/nofp\libg.a(lib_a-lock.o)
                0x2000065c                __lock___atexit_recursive_mutex
 *(COMMON)
                0x20000660                . = ALIGN (0x4)
 *fill*         0x2000065d        0x3 
                0x20000660                _ebss = .
                0x20000660                __bss_end__ = _ebss

._user_heap_stack
                0x20000660      0x600 load address 0x0800305c
                0x20000660                . = ALIGN (0x8)
                [!provide]                PROVIDE (end = .)
                0x20000660                PROVIDE (_end = .)
                0x20000860                . = (. + _Min_Heap_Size)
 *fill*         0x20000660      0x200 
                0x20000c60                . = (. + _Min_Stack_Size)
 *fill*         0x20000860      0x400 
                0x20000c60                . = ALIGN (0x8)

/DISCARD/
 libc.a(*)
 libm.a(*)
 libgcc.a(*)

.ARM.attributes
                0x00000000       0x28
 *(.ARM.attributes)
 .ARM.attributes
                0x00000000       0x1e d:/stmicroelectronics/stm32cube/gnu-tools-arm-embedded/bin/../lib/gcc/arm-none-eabi/10.3.1/thumb/v6-m/nofp/crti.o
 .ARM.attributes
                0x0000001e       0x2c d:/stmicroelectronics/stm32cube/gnu-tools-arm-embedded/bin/../lib/gcc/arm-none-eabi/10.3.1/thumb/v6-m/nofp/crtbegin.o
 .ARM.attributes
                0x0000004a       0x2c CMakeFiles/MF5700-Test.elf.dir/Core/Src/dma.c.obj
 .ARM.attributes
                0x00000076       0x2c CMakeFiles/MF5700-Test.elf.dir/Core/Src/gpio.c.obj
 .ARM.attributes
                0x000000a2       0x2c CMakeFiles/MF5700-Test.elf.dir/Core/Src/main.c.obj
 .ARM.attributes
                0x000000ce       0x2c CMakeFiles/MF5700-Test.elf.dir/Core/Src/rs485_usart1.c.obj
 .ARM.attributes
                0x000000fa       0x2c CMakeFiles/MF5700-Test.elf.dir/Core/Src/stm32g0xx_hal_msp.c.obj
 .ARM.attributes
                0x00000126       0x2c CMakeFiles/MF5700-Test.elf.dir/Core/Src/stm32g0xx_it.c.obj
 .ARM.attributes
                0x00000152       0x2c CMakeFiles/MF5700-Test.elf.dir/Core/Src/system_stm32g0xx.c.obj
 .ARM.attributes
                0x0000017e       0x2c CMakeFiles/MF5700-Test.elf.dir/Core/Src/usart.c.obj
 .ARM.attributes
                0x000001aa       0x22 CMakeFiles/MF5700-Test.elf.dir/Core/Startup/startup_stm32g070rbtx.s.obj
 .ARM.attributes
                0x000001cc       0x2c CMakeFiles/MF5700-Test.elf.dir/Drivers/STM32G0xx_HAL_Driver/Src/stm32g0xx_hal.c.obj
 .ARM.attributes
                0x000001f8       0x2c CMakeFiles/MF5700-Test.elf.dir/Drivers/STM32G0xx_HAL_Driver/Src/stm32g0xx_hal_cortex.c.obj
 .ARM.attributes
                0x00000224       0x2c CMakeFiles/MF5700-Test.elf.dir/Drivers/STM32G0xx_HAL_Driver/Src/stm32g0xx_hal_dma.c.obj
 .ARM.attributes
                0x00000250       0x2c CMakeFiles/MF5700-Test.elf.dir/Drivers/STM32G0xx_HAL_Driver/Src/stm32g0xx_hal_gpio.c.obj
 .ARM.attributes
                0x0000027c       0x2c CMakeFiles/MF5700-Test.elf.dir/Drivers/STM32G0xx_HAL_Driver/Src/stm32g0xx_hal_pwr_ex.c.obj
 .ARM.attributes
                0x000002a8       0x2c CMakeFiles/MF5700-Test.elf.dir/Drivers/STM32G0xx_HAL_Driver/Src/stm32g0xx_hal_rcc.c.obj
 .ARM.attributes
                0x000002d4       0x2c CMakeFiles/MF5700-Test.elf.dir/Drivers/STM32G0xx_HAL_Driver/Src/stm32g0xx_hal_rcc_ex.c.obj
 .ARM.attributes
                0x00000300       0x2c CMakeFiles/MF5700-Test.elf.dir/Drivers/STM32G0xx_HAL_Driver/Src/stm32g0xx_hal_uart.c.obj
 .ARM.attributes
                0x0000032c       0x2c CMakeFiles/MF5700-Test.elf.dir/Drivers/STM32G0xx_HAL_Driver/Src/stm32g0xx_hal_uart_ex.c.obj
 .ARM.attributes
                0x00000358       0x1e d:/stmicroelectronics/stm32cube/gnu-tools-arm-embedded/bin/../lib/gcc/arm-none-eabi/10.3.1/thumb/v6-m/nofp\libgcc.a(_udivsi3.o)
 .ARM.attributes
                0x00000376       0x1e d:/stmicroelectronics/stm32cube/gnu-tools-arm-embedded/bin/../lib/gcc/arm-none-eabi/10.3.1/thumb/v6-m/nofp\libgcc.a(_divsi3.o)
 .ARM.attributes
                0x00000394       0x1e d:/stmicroelectronics/stm32cube/gnu-tools-arm-embedded/bin/../lib/gcc/arm-none-eabi/10.3.1/thumb/v6-m/nofp\libgcc.a(_dvmd_tls.o)
 .ARM.attributes
                0x000003b2       0x2c d:/stmicroelectronics/stm32cube/gnu-tools-arm-embedded/bin/../lib/gcc/arm-none-eabi/10.3.1/../../../../arm-none-eabi/lib/thumb/v6-m/nofp\libg.a(lib_a-impure.o)
 .ARM.attributes
                0x000003de       0x2c d:/stmicroelectronics/stm32cube/gnu-tools-arm-embedded/bin/../lib/gcc/arm-none-eabi/10.3.1/../../../../arm-none-eabi/lib/thumb/v6-m/nofp\libg.a(lib_a-init.o)
 .ARM.attributes
                0x0000040a       0x2c d:/stmicroelectronics/stm32cube/gnu-tools-arm-embedded/bin/../lib/gcc/arm-none-eabi/10.3.1/../../../../arm-none-eabi/lib/thumb/v6-m/nofp\libg.a(lib_a-memset.o)
 .ARM.attributes
                0x00000436       0x2c d:/stmicroelectronics/stm32cube/gnu-tools-arm-embedded/bin/../lib/gcc/arm-none-eabi/10.3.1/../../../../arm-none-eabi/lib/thumb/v6-m/nofp\libg.a(lib_a-__call_atexit.o)
 .ARM.attributes
                0x00000462       0x2c d:/stmicroelectronics/stm32cube/gnu-tools-arm-embedded/bin/../lib/gcc/arm-none-eabi/10.3.1/../../../../arm-none-eabi/lib/thumb/v6-m/nofp\libg.a(lib_a-atexit.o)
 .ARM.attributes
                0x0000048e       0x2c d:/stmicroelectronics/stm32cube/gnu-tools-arm-embedded/bin/../lib/gcc/arm-none-eabi/10.3.1/../../../../arm-none-eabi/lib/thumb/v6-m/nofp\libg.a(lib_a-fini.o)
 .ARM.attributes
                0x000004ba       0x2c d:/stmicroelectronics/stm32cube/gnu-tools-arm-embedded/bin/../lib/gcc/arm-none-eabi/10.3.1/../../../../arm-none-eabi/lib/thumb/v6-m/nofp\libg.a(lib_a-lock.o)
 .ARM.attributes
                0x000004e6       0x2c d:/stmicroelectronics/stm32cube/gnu-tools-arm-embedded/bin/../lib/gcc/arm-none-eabi/10.3.1/../../../../arm-none-eabi/lib/thumb/v6-m/nofp\libg.a(lib_a-__atexit.o)
 .ARM.attributes
                0x00000512       0x1e d:/stmicroelectronics/stm32cube/gnu-tools-arm-embedded/bin/../lib/gcc/arm-none-eabi/10.3.1/thumb/v6-m/nofp/crtn.o
OUTPUT(MF5700-Test.elf elf32-littlearm)
LOAD linker stubs
LOAD d:/stmicroelectronics/stm32cube/gnu-tools-arm-embedded/bin/../lib/gcc/arm-none-eabi/10.3.1/../../../../arm-none-eabi/lib/thumb/v6-m/nofp\libc.a
LOAD d:/stmicroelectronics/stm32cube/gnu-tools-arm-embedded/bin/../lib/gcc/arm-none-eabi/10.3.1/../../../../arm-none-eabi/lib/thumb/v6-m/nofp\libm.a
LOAD d:/stmicroelectronics/stm32cube/gnu-tools-arm-embedded/bin/../lib/gcc/arm-none-eabi/10.3.1/thumb/v6-m/nofp\libgcc.a

.debug_info     0x00000000     0xf81c
 .debug_info    0x00000000      0x3c2 CMakeFiles/MF5700-Test.elf.dir/Core/Src/dma.c.obj
 .debug_info    0x000003c2      0x294 CMakeFiles/MF5700-Test.elf.dir/Core/Src/gpio.c.obj
 .debug_info    0x00000656      0xd5f CMakeFiles/MF5700-Test.elf.dir/Core/Src/main.c.obj
 .debug_info    0x000013b5      0xba3 CMakeFiles/MF5700-Test.elf.dir/Core/Src/rs485_usart1.c.obj
 .debug_info    0x00001f58      0x2ba CMakeFiles/MF5700-Test.elf.dir/Core/Src/stm32g0xx_hal_msp.c.obj
 .debug_info    0x00002212      0xb50 CMakeFiles/MF5700-Test.elf.dir/Core/Src/stm32g0xx_it.c.obj
 .debug_info    0x00002d62      0x38d CMakeFiles/MF5700-Test.elf.dir/Core/Src/system_stm32g0xx.c.obj
 .debug_info    0x000030ef     0x1337 CMakeFiles/MF5700-Test.elf.dir/Core/Src/usart.c.obj
 .debug_info    0x00004426       0x22 CMakeFiles/MF5700-Test.elf.dir/Core/Startup/startup_stm32g070rbtx.s.obj
 .debug_info    0x00004448      0x9c6 CMakeFiles/MF5700-Test.elf.dir/Drivers/STM32G0xx_HAL_Driver/Src/stm32g0xx_hal.c.obj
 .debug_info    0x00004e0e      0xa4b CMakeFiles/MF5700-Test.elf.dir/Drivers/STM32G0xx_HAL_Driver/Src/stm32g0xx_hal_cortex.c.obj
 .debug_info    0x00005859      0xa54 CMakeFiles/MF5700-Test.elf.dir/Drivers/STM32G0xx_HAL_Driver/Src/stm32g0xx_hal_dma.c.obj
 .debug_info    0x000062ad      0x62f CMakeFiles/MF5700-Test.elf.dir/Drivers/STM32G0xx_HAL_Driver/Src/stm32g0xx_hal_gpio.c.obj
 .debug_info    0x000068dc      0x558 CMakeFiles/MF5700-Test.elf.dir/Drivers/STM32G0xx_HAL_Driver/Src/stm32g0xx_hal_pwr_ex.c.obj
 .debug_info    0x00006e34      0xd38 CMakeFiles/MF5700-Test.elf.dir/Drivers/STM32G0xx_HAL_Driver/Src/stm32g0xx_hal_rcc.c.obj
 .debug_info    0x00007b6c      0x8f6 CMakeFiles/MF5700-Test.elf.dir/Drivers/STM32G0xx_HAL_Driver/Src/stm32g0xx_hal_rcc_ex.c.obj
 .debug_info    0x00008462     0x6184 CMakeFiles/MF5700-Test.elf.dir/Drivers/STM32G0xx_HAL_Driver/Src/stm32g0xx_hal_uart.c.obj
 .debug_info    0x0000e5e6     0x1236 CMakeFiles/MF5700-Test.elf.dir/Drivers/STM32G0xx_HAL_Driver/Src/stm32g0xx_hal_uart_ex.c.obj

.debug_abbrev   0x00000000     0x240d
 .debug_abbrev  0x00000000      0x13e CMakeFiles/MF5700-Test.elf.dir/Core/Src/dma.c.obj
 .debug_abbrev  0x0000013e       0xe9 CMakeFiles/MF5700-Test.elf.dir/Core/Src/gpio.c.obj
 .debug_abbrev  0x00000227      0x235 CMakeFiles/MF5700-Test.elf.dir/Core/Src/main.c.obj
 .debug_abbrev  0x0000045c      0x255 CMakeFiles/MF5700-Test.elf.dir/Core/Src/rs485_usart1.c.obj
 .debug_abbrev  0x000006b1      0x10c CMakeFiles/MF5700-Test.elf.dir/Core/Src/stm32g0xx_hal_msp.c.obj
 .debug_abbrev  0x000007bd      0x210 CMakeFiles/MF5700-Test.elf.dir/Core/Src/stm32g0xx_it.c.obj
 .debug_abbrev  0x000009cd      0x142 CMakeFiles/MF5700-Test.elf.dir/Core/Src/system_stm32g0xx.c.obj
 .debug_abbrev  0x00000b0f      0x26a CMakeFiles/MF5700-Test.elf.dir/Core/Src/usart.c.obj
 .debug_abbrev  0x00000d79       0x12 CMakeFiles/MF5700-Test.elf.dir/Core/Startup/startup_stm32g070rbtx.s.obj
 .debug_abbrev  0x00000d8b      0x29c CMakeFiles/MF5700-Test.elf.dir/Drivers/STM32G0xx_HAL_Driver/Src/stm32g0xx_hal.c.obj
 .debug_abbrev  0x00001027      0x2af CMakeFiles/MF5700-Test.elf.dir/Drivers/STM32G0xx_HAL_Driver/Src/stm32g0xx_hal_cortex.c.obj
 .debug_abbrev  0x000012d6      0x20a CMakeFiles/MF5700-Test.elf.dir/Drivers/STM32G0xx_HAL_Driver/Src/stm32g0xx_hal_dma.c.obj
 .debug_abbrev  0x000014e0      0x1fd CMakeFiles/MF5700-Test.elf.dir/Drivers/STM32G0xx_HAL_Driver/Src/stm32g0xx_hal_gpio.c.obj
 .debug_abbrev  0x000016dd      0x1f8 CMakeFiles/MF5700-Test.elf.dir/Drivers/STM32G0xx_HAL_Driver/Src/stm32g0xx_hal_pwr_ex.c.obj
 .debug_abbrev  0x000018d5      0x29a CMakeFiles/MF5700-Test.elf.dir/Drivers/STM32G0xx_HAL_Driver/Src/stm32g0xx_hal_rcc.c.obj
 .debug_abbrev  0x00001b6f      0x24e CMakeFiles/MF5700-Test.elf.dir/Drivers/STM32G0xx_HAL_Driver/Src/stm32g0xx_hal_rcc_ex.c.obj
 .debug_abbrev  0x00001dbd      0x33b CMakeFiles/MF5700-Test.elf.dir/Drivers/STM32G0xx_HAL_Driver/Src/stm32g0xx_hal_uart.c.obj
 .debug_abbrev  0x000020f8      0x315 CMakeFiles/MF5700-Test.elf.dir/Drivers/STM32G0xx_HAL_Driver/Src/stm32g0xx_hal_uart_ex.c.obj

.debug_aranges  0x00000000      0x8a0
 .debug_aranges
                0x00000000       0x20 CMakeFiles/MF5700-Test.elf.dir/Core/Src/dma.c.obj
 .debug_aranges
                0x00000020       0x20 CMakeFiles/MF5700-Test.elf.dir/Core/Src/gpio.c.obj
 .debug_aranges
                0x00000040       0x30 CMakeFiles/MF5700-Test.elf.dir/Core/Src/main.c.obj
 .debug_aranges
                0x00000070       0x50 CMakeFiles/MF5700-Test.elf.dir/Core/Src/rs485_usart1.c.obj
 .debug_aranges
                0x000000c0       0x20 CMakeFiles/MF5700-Test.elf.dir/Core/Src/stm32g0xx_hal_msp.c.obj
 .debug_aranges
                0x000000e0       0x58 CMakeFiles/MF5700-Test.elf.dir/Core/Src/stm32g0xx_it.c.obj
 .debug_aranges
                0x00000138       0x28 CMakeFiles/MF5700-Test.elf.dir/Core/Src/system_stm32g0xx.c.obj
 .debug_aranges
                0x00000160       0x40 CMakeFiles/MF5700-Test.elf.dir/Core/Src/usart.c.obj
 .debug_aranges
                0x000001a0       0x28 CMakeFiles/MF5700-Test.elf.dir/Core/Startup/startup_stm32g070rbtx.s.obj
 .debug_aranges
                0x000001c8       0xf8 CMakeFiles/MF5700-Test.elf.dir/Drivers/STM32G0xx_HAL_Driver/Src/stm32g0xx_hal.c.obj
 .debug_aranges
                0x000002c0       0x90 CMakeFiles/MF5700-Test.elf.dir/Drivers/STM32G0xx_HAL_Driver/Src/stm32g0xx_hal_cortex.c.obj
 .debug_aranges
                0x00000350       0x90 CMakeFiles/MF5700-Test.elf.dir/Drivers/STM32G0xx_HAL_Driver/Src/stm32g0xx_hal_dma.c.obj
 .debug_aranges
                0x000003e0       0x60 CMakeFiles/MF5700-Test.elf.dir/Drivers/STM32G0xx_HAL_Driver/Src/stm32g0xx_hal_gpio.c.obj
 .debug_aranges
                0x00000440       0x98 CMakeFiles/MF5700-Test.elf.dir/Drivers/STM32G0xx_HAL_Driver/Src/stm32g0xx_hal_pwr_ex.c.obj
 .debug_aranges
                0x000004d8       0x98 CMakeFiles/MF5700-Test.elf.dir/Drivers/STM32G0xx_HAL_Driver/Src/stm32g0xx_hal_rcc.c.obj
 .debug_aranges
                0x00000570       0x40 CMakeFiles/MF5700-Test.elf.dir/Drivers/STM32G0xx_HAL_Driver/Src/stm32g0xx_hal_rcc_ex.c.obj
 .debug_aranges
                0x000005b0      0x248 CMakeFiles/MF5700-Test.elf.dir/Drivers/STM32G0xx_HAL_Driver/Src/stm32g0xx_hal_uart.c.obj
 .debug_aranges
                0x000007f8       0xa8 CMakeFiles/MF5700-Test.elf.dir/Drivers/STM32G0xx_HAL_Driver/Src/stm32g0xx_hal_uart_ex.c.obj

.debug_ranges   0x00000000      0x820
 .debug_ranges  0x00000000       0x10 CMakeFiles/MF5700-Test.elf.dir/Core/Src/dma.c.obj
 .debug_ranges  0x00000010       0x10 CMakeFiles/MF5700-Test.elf.dir/Core/Src/gpio.c.obj
 .debug_ranges  0x00000020       0x20 CMakeFiles/MF5700-Test.elf.dir/Core/Src/main.c.obj
 .debug_ranges  0x00000040       0x40 CMakeFiles/MF5700-Test.elf.dir/Core/Src/rs485_usart1.c.obj
 .debug_ranges  0x00000080       0x10 CMakeFiles/MF5700-Test.elf.dir/Core/Src/stm32g0xx_hal_msp.c.obj
 .debug_ranges  0x00000090       0x48 CMakeFiles/MF5700-Test.elf.dir/Core/Src/stm32g0xx_it.c.obj
 .debug_ranges  0x000000d8       0x18 CMakeFiles/MF5700-Test.elf.dir/Core/Src/system_stm32g0xx.c.obj
 .debug_ranges  0x000000f0       0x30 CMakeFiles/MF5700-Test.elf.dir/Core/Src/usart.c.obj
 .debug_ranges  0x00000120       0x20 CMakeFiles/MF5700-Test.elf.dir/Core/Startup/startup_stm32g070rbtx.s.obj
 .debug_ranges  0x00000140       0xe8 CMakeFiles/MF5700-Test.elf.dir/Drivers/STM32G0xx_HAL_Driver/Src/stm32g0xx_hal.c.obj
 .debug_ranges  0x00000228       0xe0 CMakeFiles/MF5700-Test.elf.dir/Drivers/STM32G0xx_HAL_Driver/Src/stm32g0xx_hal_cortex.c.obj
 .debug_ranges  0x00000308       0x80 CMakeFiles/MF5700-Test.elf.dir/Drivers/STM32G0xx_HAL_Driver/Src/stm32g0xx_hal_dma.c.obj
 .debug_ranges  0x00000388       0x50 CMakeFiles/MF5700-Test.elf.dir/Drivers/STM32G0xx_HAL_Driver/Src/stm32g0xx_hal_gpio.c.obj
 .debug_ranges  0x000003d8       0x88 CMakeFiles/MF5700-Test.elf.dir/Drivers/STM32G0xx_HAL_Driver/Src/stm32g0xx_hal_pwr_ex.c.obj
 .debug_ranges  0x00000460       0xa8 CMakeFiles/MF5700-Test.elf.dir/Drivers/STM32G0xx_HAL_Driver/Src/stm32g0xx_hal_rcc.c.obj
 .debug_ranges  0x00000508       0x48 CMakeFiles/MF5700-Test.elf.dir/Drivers/STM32G0xx_HAL_Driver/Src/stm32g0xx_hal_rcc_ex.c.obj
 .debug_ranges  0x00000550      0x238 CMakeFiles/MF5700-Test.elf.dir/Drivers/STM32G0xx_HAL_Driver/Src/stm32g0xx_hal_uart.c.obj
 .debug_ranges  0x00000788       0x98 CMakeFiles/MF5700-Test.elf.dir/Drivers/STM32G0xx_HAL_Driver/Src/stm32g0xx_hal_uart_ex.c.obj

.debug_line     0x00000000     0xae9a
 .debug_line    0x00000000      0x218 CMakeFiles/MF5700-Test.elf.dir/Core/Src/dma.c.obj
 .debug_line    0x00000218      0x201 CMakeFiles/MF5700-Test.elf.dir/Core/Src/gpio.c.obj
 .debug_line    0x00000419      0x416 CMakeFiles/MF5700-Test.elf.dir/Core/Src/main.c.obj
 .debug_line    0x0000082f      0x4db CMakeFiles/MF5700-Test.elf.dir/Core/Src/rs485_usart1.c.obj
 .debug_line    0x00000d0a      0x222 CMakeFiles/MF5700-Test.elf.dir/Core/Src/stm32g0xx_hal_msp.c.obj
 .debug_line    0x00000f2c      0x395 CMakeFiles/MF5700-Test.elf.dir/Core/Src/stm32g0xx_it.c.obj
 .debug_line    0x000012c1      0x2fc CMakeFiles/MF5700-Test.elf.dir/Core/Src/system_stm32g0xx.c.obj
 .debug_line    0x000015bd      0x653 CMakeFiles/MF5700-Test.elf.dir/Core/Src/usart.c.obj
 .debug_line    0x00001c10       0xad CMakeFiles/MF5700-Test.elf.dir/Core/Startup/startup_stm32g070rbtx.s.obj
 .debug_line    0x00001cbd      0x660 CMakeFiles/MF5700-Test.elf.dir/Drivers/STM32G0xx_HAL_Driver/Src/stm32g0xx_hal.c.obj
 .debug_line    0x0000231d      0x718 CMakeFiles/MF5700-Test.elf.dir/Drivers/STM32G0xx_HAL_Driver/Src/stm32g0xx_hal_cortex.c.obj
 .debug_line    0x00002a35      0xb89 CMakeFiles/MF5700-Test.elf.dir/Drivers/STM32G0xx_HAL_Driver/Src/stm32g0xx_hal_dma.c.obj
 .debug_line    0x000035be      0x71d CMakeFiles/MF5700-Test.elf.dir/Drivers/STM32G0xx_HAL_Driver/Src/stm32g0xx_hal_gpio.c.obj
 .debug_line    0x00003cdb      0x5da CMakeFiles/MF5700-Test.elf.dir/Drivers/STM32G0xx_HAL_Driver/Src/stm32g0xx_hal_pwr_ex.c.obj
 .debug_line    0x000042b5      0xde5 CMakeFiles/MF5700-Test.elf.dir/Drivers/STM32G0xx_HAL_Driver/Src/stm32g0xx_hal_rcc.c.obj
 .debug_line    0x0000509a      0x856 CMakeFiles/MF5700-Test.elf.dir/Drivers/STM32G0xx_HAL_Driver/Src/stm32g0xx_hal_rcc_ex.c.obj
 .debug_line    0x000058f0     0x4876 CMakeFiles/MF5700-Test.elf.dir/Drivers/STM32G0xx_HAL_Driver/Src/stm32g0xx_hal_uart.c.obj
 .debug_line    0x0000a166      0xd34 CMakeFiles/MF5700-Test.elf.dir/Drivers/STM32G0xx_HAL_Driver/Src/stm32g0xx_hal_uart_ex.c.obj

.debug_str      0x00000000     0x2e96
 .debug_str     0x00000000      0x453 CMakeFiles/MF5700-Test.elf.dir/Core/Src/dma.c.obj
                                0x49d (size before relaxing)
 .debug_str     0x00000453       0x44 CMakeFiles/MF5700-Test.elf.dir/Core/Src/gpio.c.obj
                                0x2cf (size before relaxing)
 .debug_str     0x00000497      0x753 CMakeFiles/MF5700-Test.elf.dir/Core/Src/main.c.obj
                                0x99b (size before relaxing)
 .debug_str     0x00000bea      0x164 CMakeFiles/MF5700-Test.elf.dir/Core/Src/rs485_usart1.c.obj
                                0x8b3 (size before relaxing)
 .debug_str     0x00000d4e       0x71 CMakeFiles/MF5700-Test.elf.dir/Core/Src/stm32g0xx_hal_msp.c.obj
                                0x2fc (size before relaxing)
 .debug_str     0x00000dbf      0x154 CMakeFiles/MF5700-Test.elf.dir/Core/Src/stm32g0xx_it.c.obj
                                0x880 (size before relaxing)
 .debug_str     0x00000f13       0xc0 CMakeFiles/MF5700-Test.elf.dir/Core/Src/system_stm32g0xx.c.obj
                                0x344 (size before relaxing)
 .debug_str     0x00000fd3      0x258 CMakeFiles/MF5700-Test.elf.dir/Core/Src/usart.c.obj
                                0xcfb (size before relaxing)
 .debug_str     0x0000122b       0x5a CMakeFiles/MF5700-Test.elf.dir/Core/Startup/startup_stm32g070rbtx.s.obj
                                 0x93 (size before relaxing)
 .debug_str     0x00001285      0x3b6 CMakeFiles/MF5700-Test.elf.dir/Drivers/STM32G0xx_HAL_Driver/Src/stm32g0xx_hal.c.obj
                                0x89e (size before relaxing)
 .debug_str     0x0000163b      0x346 CMakeFiles/MF5700-Test.elf.dir/Drivers/STM32G0xx_HAL_Driver/Src/stm32g0xx_hal_cortex.c.obj
                                0x77d (size before relaxing)
 .debug_str     0x00001981      0x2b4 CMakeFiles/MF5700-Test.elf.dir/Drivers/STM32G0xx_HAL_Driver/Src/stm32g0xx_hal_dma.c.obj
                                0x7de (size before relaxing)
 .debug_str     0x00001c35      0x18b CMakeFiles/MF5700-Test.elf.dir/Drivers/STM32G0xx_HAL_Driver/Src/stm32g0xx_hal_gpio.c.obj
                                0x459 (size before relaxing)
 .debug_str     0x00001dc0      0x2c2 CMakeFiles/MF5700-Test.elf.dir/Drivers/STM32G0xx_HAL_Driver/Src/stm32g0xx_hal_pwr_ex.c.obj
                                0x544 (size before relaxing)
 .debug_str     0x00002082      0x214 CMakeFiles/MF5700-Test.elf.dir/Drivers/STM32G0xx_HAL_Driver/Src/stm32g0xx_hal_rcc.c.obj
                                0x7ba (size before relaxing)
 .debug_str     0x00002296      0x13a CMakeFiles/MF5700-Test.elf.dir/Drivers/STM32G0xx_HAL_Driver/Src/stm32g0xx_hal_rcc_ex.c.obj
                                0x626 (size before relaxing)
 .debug_str     0x000023d0      0x843 CMakeFiles/MF5700-Test.elf.dir/Drivers/STM32G0xx_HAL_Driver/Src/stm32g0xx_hal_uart.c.obj
                               0x11a6 (size before relaxing)
 .debug_str     0x00002c13      0x283 CMakeFiles/MF5700-Test.elf.dir/Drivers/STM32G0xx_HAL_Driver/Src/stm32g0xx_hal_uart_ex.c.obj
                                0xba0 (size before relaxing)

.comment        0x00000000       0x49
 .comment       0x00000000       0x49 CMakeFiles/MF5700-Test.elf.dir/Core/Src/dma.c.obj
                                 0x4a (size before relaxing)
 .comment       0x00000049       0x4a CMakeFiles/MF5700-Test.elf.dir/Core/Src/gpio.c.obj
 .comment       0x00000049       0x4a CMakeFiles/MF5700-Test.elf.dir/Core/Src/main.c.obj
 .comment       0x00000049       0x4a CMakeFiles/MF5700-Test.elf.dir/Core/Src/rs485_usart1.c.obj
 .comment       0x00000049       0x4a CMakeFiles/MF5700-Test.elf.dir/Core/Src/stm32g0xx_hal_msp.c.obj
 .comment       0x00000049       0x4a CMakeFiles/MF5700-Test.elf.dir/Core/Src/stm32g0xx_it.c.obj
 .comment       0x00000049       0x4a CMakeFiles/MF5700-Test.elf.dir/Core/Src/system_stm32g0xx.c.obj
 .comment       0x00000049       0x4a CMakeFiles/MF5700-Test.elf.dir/Core/Src/usart.c.obj
 .comment       0x00000049       0x4a CMakeFiles/MF5700-Test.elf.dir/Drivers/STM32G0xx_HAL_Driver/Src/stm32g0xx_hal.c.obj
 .comment       0x00000049       0x4a CMakeFiles/MF5700-Test.elf.dir/Drivers/STM32G0xx_HAL_Driver/Src/stm32g0xx_hal_cortex.c.obj
 .comment       0x00000049       0x4a CMakeFiles/MF5700-Test.elf.dir/Drivers/STM32G0xx_HAL_Driver/Src/stm32g0xx_hal_dma.c.obj
 .comment       0x00000049       0x4a CMakeFiles/MF5700-Test.elf.dir/Drivers/STM32G0xx_HAL_Driver/Src/stm32g0xx_hal_gpio.c.obj
 .comment       0x00000049       0x4a CMakeFiles/MF5700-Test.elf.dir/Drivers/STM32G0xx_HAL_Driver/Src/stm32g0xx_hal_pwr_ex.c.obj
 .comment       0x00000049       0x4a CMakeFiles/MF5700-Test.elf.dir/Drivers/STM32G0xx_HAL_Driver/Src/stm32g0xx_hal_rcc.c.obj
 .comment       0x00000049       0x4a CMakeFiles/MF5700-Test.elf.dir/Drivers/STM32G0xx_HAL_Driver/Src/stm32g0xx_hal_rcc_ex.c.obj
 .comment       0x00000049       0x4a CMakeFiles/MF5700-Test.elf.dir/Drivers/STM32G0xx_HAL_Driver/Src/stm32g0xx_hal_uart.c.obj
 .comment       0x00000049       0x4a CMakeFiles/MF5700-Test.elf.dir/Drivers/STM32G0xx_HAL_Driver/Src/stm32g0xx_hal_uart_ex.c.obj

.debug_frame    0x00000000     0x1668
 .debug_frame   0x00000000       0x28 CMakeFiles/MF5700-Test.elf.dir/Core/Src/dma.c.obj
 .debug_frame   0x00000028       0x24 CMakeFiles/MF5700-Test.elf.dir/Core/Src/gpio.c.obj
 .debug_frame   0x0000004c       0x50 CMakeFiles/MF5700-Test.elf.dir/Core/Src/main.c.obj
 .debug_frame   0x0000009c       0xbc CMakeFiles/MF5700-Test.elf.dir/Core/Src/rs485_usart1.c.obj
 .debug_frame   0x00000158       0x28 CMakeFiles/MF5700-Test.elf.dir/Core/Src/stm32g0xx_hal_msp.c.obj
 .debug_frame   0x00000180       0xb0 CMakeFiles/MF5700-Test.elf.dir/Core/Src/stm32g0xx_it.c.obj
 .debug_frame   0x00000230       0x38 CMakeFiles/MF5700-Test.elf.dir/Core/Src/system_stm32g0xx.c.obj
 .debug_frame   0x00000268       0x8c CMakeFiles/MF5700-Test.elf.dir/Core/Src/usart.c.obj
 .debug_frame   0x000002f4      0x1fc CMakeFiles/MF5700-Test.elf.dir/Drivers/STM32G0xx_HAL_Driver/Src/stm32g0xx_hal.c.obj
 .debug_frame   0x000004f0      0x114 CMakeFiles/MF5700-Test.elf.dir/Drivers/STM32G0xx_HAL_Driver/Src/stm32g0xx_hal_cortex.c.obj
 .debug_frame   0x00000604      0x188 CMakeFiles/MF5700-Test.elf.dir/Drivers/STM32G0xx_HAL_Driver/Src/stm32g0xx_hal_dma.c.obj
 .debug_frame   0x0000078c       0xd0 CMakeFiles/MF5700-Test.elf.dir/Drivers/STM32G0xx_HAL_Driver/Src/stm32g0xx_hal_gpio.c.obj
 .debug_frame   0x0000085c      0x120 CMakeFiles/MF5700-Test.elf.dir/Drivers/STM32G0xx_HAL_Driver/Src/stm32g0xx_hal_pwr_ex.c.obj
 .debug_frame   0x0000097c      0x16c CMakeFiles/MF5700-Test.elf.dir/Drivers/STM32G0xx_HAL_Driver/Src/stm32g0xx_hal_rcc.c.obj
 .debug_frame   0x00000ae8       0x90 CMakeFiles/MF5700-Test.elf.dir/Drivers/STM32G0xx_HAL_Driver/Src/stm32g0xx_hal_rcc_ex.c.obj
 .debug_frame   0x00000b78      0x6e0 CMakeFiles/MF5700-Test.elf.dir/Drivers/STM32G0xx_HAL_Driver/Src/stm32g0xx_hal_uart.c.obj
 .debug_frame   0x00001258      0x1e0 CMakeFiles/MF5700-Test.elf.dir/Drivers/STM32G0xx_HAL_Driver/Src/stm32g0xx_hal_uart_ex.c.obj
 .debug_frame   0x00001438       0x20 d:/stmicroelectronics/stm32cube/gnu-tools-arm-embedded/bin/../lib/gcc/arm-none-eabi/10.3.1/thumb/v6-m/nofp\libgcc.a(_udivsi3.o)
 .debug_frame   0x00001458       0x20 d:/stmicroelectronics/stm32cube/gnu-tools-arm-embedded/bin/../lib/gcc/arm-none-eabi/10.3.1/thumb/v6-m/nofp\libgcc.a(_divsi3.o)
 .debug_frame   0x00001478       0x2c d:/stmicroelectronics/stm32cube/gnu-tools-arm-embedded/bin/../lib/gcc/arm-none-eabi/10.3.1/../../../../arm-none-eabi/lib/thumb/v6-m/nofp\libg.a(lib_a-init.o)
 .debug_frame   0x000014a4       0x30 d:/stmicroelectronics/stm32cube/gnu-tools-arm-embedded/bin/../lib/gcc/arm-none-eabi/10.3.1/../../../../arm-none-eabi/lib/thumb/v6-m/nofp\libg.a(lib_a-memset.o)
 .debug_frame   0x000014d4       0x54 d:/stmicroelectronics/stm32cube/gnu-tools-arm-embedded/bin/../lib/gcc/arm-none-eabi/10.3.1/../../../../arm-none-eabi/lib/thumb/v6-m/nofp\libg.a(lib_a-__call_atexit.o)
 .debug_frame   0x00001528       0x28 d:/stmicroelectronics/stm32cube/gnu-tools-arm-embedded/bin/../lib/gcc/arm-none-eabi/10.3.1/../../../../arm-none-eabi/lib/thumb/v6-m/nofp\libg.a(lib_a-atexit.o)
 .debug_frame   0x00001550       0x2c d:/stmicroelectronics/stm32cube/gnu-tools-arm-embedded/bin/../lib/gcc/arm-none-eabi/10.3.1/../../../../arm-none-eabi/lib/thumb/v6-m/nofp\libg.a(lib_a-fini.o)
 .debug_frame   0x0000157c       0xb0 d:/stmicroelectronics/stm32cube/gnu-tools-arm-embedded/bin/../lib/gcc/arm-none-eabi/10.3.1/../../../../arm-none-eabi/lib/thumb/v6-m/nofp\libg.a(lib_a-lock.o)
 .debug_frame   0x0000162c       0x3c d:/stmicroelectronics/stm32cube/gnu-tools-arm-embedded/bin/../lib/gcc/arm-none-eabi/10.3.1/../../../../arm-none-eabi/lib/thumb/v6-m/nofp\libg.a(lib_a-__atexit.o)

.debug_loc      0x00000000     0x7bcf
 .debug_loc     0x00000000      0x3e3 CMakeFiles/MF5700-Test.elf.dir/Core/Src/rs485_usart1.c.obj
 .debug_loc     0x000003e3       0x15 CMakeFiles/MF5700-Test.elf.dir/Core/Src/stm32g0xx_it.c.obj
 .debug_loc     0x000003f8       0xa9 CMakeFiles/MF5700-Test.elf.dir/Core/Src/system_stm32g0xx.c.obj
 .debug_loc     0x000004a1      0x127 CMakeFiles/MF5700-Test.elf.dir/Core/Src/usart.c.obj
 .debug_loc     0x000005c8      0x1bd CMakeFiles/MF5700-Test.elf.dir/Drivers/STM32G0xx_HAL_Driver/Src/stm32g0xx_hal.c.obj
 .debug_loc     0x00000785      0x458 CMakeFiles/MF5700-Test.elf.dir/Drivers/STM32G0xx_HAL_Driver/Src/stm32g0xx_hal_cortex.c.obj
 .debug_loc     0x00000bdd      0x93e CMakeFiles/MF5700-Test.elf.dir/Drivers/STM32G0xx_HAL_Driver/Src/stm32g0xx_hal_dma.c.obj
 .debug_loc     0x0000151b      0x3a7 CMakeFiles/MF5700-Test.elf.dir/Drivers/STM32G0xx_HAL_Driver/Src/stm32g0xx_hal_gpio.c.obj
 .debug_loc     0x000018c2      0x2e0 CMakeFiles/MF5700-Test.elf.dir/Drivers/STM32G0xx_HAL_Driver/Src/stm32g0xx_hal_pwr_ex.c.obj
 .debug_loc     0x00001ba2      0x717 CMakeFiles/MF5700-Test.elf.dir/Drivers/STM32G0xx_HAL_Driver/Src/stm32g0xx_hal_rcc.c.obj
 .debug_loc     0x000022b9      0x7bd CMakeFiles/MF5700-Test.elf.dir/Drivers/STM32G0xx_HAL_Driver/Src/stm32g0xx_hal_rcc_ex.c.obj
 .debug_loc     0x00002a76     0x450a CMakeFiles/MF5700-Test.elf.dir/Drivers/STM32G0xx_HAL_Driver/Src/stm32g0xx_hal_uart.c.obj
 .debug_loc     0x00006f80      0xc4f CMakeFiles/MF5700-Test.elf.dir/Drivers/STM32G0xx_HAL_Driver/Src/stm32g0xx_hal_uart_ex.c.obj
